// Jest Snapshot v1, https://goo.gl/fbAQLP

exports[`BreakDownCard snapshot 1`] = `
<div>
  <div
    class="emiComponent emiComponentSelected"
  >
    <div
      style="padding: 15px 15px 0px 15px; gap: 3em;"
    >
      <div
        class="sc-dkrFOg iMlCA-d"
      >
        <span>
          USD 3339 for 3 months @1% p.a
        </span>
      </div>
      <div
        style="font-size: 14px; font-weight: normal;"
      >
        <div
          class="sc-jSUZER dGOTlI"
          style="display: flex; justify-content: space-between;"
        >
          <span>
            Tenure
          </span>
          <span>
            9 months
          </span>
        </div>
      </div>
      <div
        style="font-size: 14px; font-weight: normal;"
      >
        <div
          class="sc-gKPRtg hKTseF"
          data-testid="divider"
        />
        <div
          class="sc-jSUZER dGOTlI"
          style="display: flex; justify-content: space-between;"
        >
          <span>
            EMI
          </span>
          <span>
            USD 3339
          </span>
        </div>
      </div>
      <div
        style="font-size: 14px; font-weight: normal;"
      >
        <div
          class="sc-gKPRtg hKTseF"
          data-testid="divider"
        />
        <div
          class="sc-jSUZER dGOTlI"
          style="display: flex; justify-content: space-between;"
        >
          <span>
            R.O.I
          </span>
          <span>
            1%
          </span>
        </div>
      </div>
      <div
        style="font-size: 14px; font-weight: normal;"
      >
        <div
          class="sc-gKPRtg hKTseF"
          data-testid="divider"
        />
        <div
          class="sc-jSUZER dGOTlI"
          style="display: flex; justify-content: space-between;"
        >
          <span>
            Interest
          </span>
          <span>
            USD 150
          </span>
        </div>
      </div>
      <div
        style="font-size: 14px; font-weight: normal;"
      >
        <div
          class="sc-gKPRtg hKTseF"
          data-testid="divider"
        />
        <div
          class="sc-jSUZER dGOTlI"
          style="display: flex; justify-content: space-between;"
        >
          <span>
            Total amount payable
          </span>
          <span>
            USD 1000
          </span>
        </div>
      </div>
    </div>
  </div>
</div>
`;
